Building DAG of jobs...
Using shell: /usr/bin/bash
Provided cores: 8
Rules claiming more threads will be scaled down.
Conda environments: ignored
Job stats:
job                           count
--------------------------  -------
all                               1
build_quant_sample_table          1
build_samples_table               1
expr_diff                         1
fastp                             6
gffcompare                        6
hisat2_align                      6
hisat2_extract_splicesites        1
hisat2_index                      1
mqc_reformat                      1
multiqc                           1
prepDE                            1
samtools_stats                    6
stringtie_final_quant             6
stringtie_merge                   1
stringtie_quant                   6
total                            46

Select jobs to execute...

[Wed Jul 23 18:16:35 2025]
rule fastp:
    input: testdata/raw/batch1_chrI_1.fastq, testdata/raw/batch1_chrI_2.fastq
    output: results/fastp/batch1_R1.clean.fastq.gz, results/fastp/batch1_R2.clean.fastq.gz, results/summary_qc/batch1_fastp.json, results/summary_qc/batch1_fastp.html
    jobid: 3
    reason: Missing output files: results/summary_qc/batch1_fastp.json, results/summary_qc/batch1_fastp.html, results/fastp/batch1_R2.clean.fastq.gz, results/fastp/batch1_R1.clean.fastq.gz
    wildcards: sample=batch1
    threads: 4
    resources: tmpdir=/tmp


[Wed Jul 23 18:16:35 2025]
rule fastp:
    input: testdata/raw/batch3_chrI_1.fastq, testdata/raw/batch3_chrI_2.fastq
    output: results/fastp/batch3_R1.clean.fastq.gz, results/fastp/batch3_R2.clean.fastq.gz, results/summary_qc/batch3_fastp.json, results/summary_qc/batch3_fastp.html
    jobid: 11
    reason: Missing output files: results/summary_qc/batch3_fastp.html, results/fastp/batch3_R2.clean.fastq.gz, results/fastp/batch3_R1.clean.fastq.gz, results/summary_qc/batch3_fastp.json
    wildcards: sample=batch3
    threads: 4
    resources: tmpdir=/tmp

[Wed Jul 23 18:16:37 2025]
Finished job 3.
1 of 46 steps (2%) done
Select jobs to execute...

[Wed Jul 23 18:16:37 2025]
rule fastp:
    input: testdata/raw/chem1_chrI_1.fastq, testdata/raw/chem1_chrI_2.fastq
    output: results/fastp/chem1_R1.clean.fastq.gz, results/fastp/chem1_R2.clean.fastq.gz, results/summary_qc/chem1_fastp.json, results/summary_qc/chem1_fastp.html
    jobid: 14
    reason: Missing output files: results/fastp/chem1_R2.clean.fastq.gz, results/fastp/chem1_R1.clean.fastq.gz, results/summary_qc/chem1_fastp.json, results/summary_qc/chem1_fastp.html
    wildcards: sample=chem1
    threads: 4
    resources: tmpdir=/tmp

[Wed Jul 23 18:16:37 2025]
Finished job 11.
2 of 46 steps (4%) done
Select jobs to execute...

[Wed Jul 23 18:16:37 2025]
rule fastp:
    input: testdata/raw/batch2_chrI_1.fastq, testdata/raw/batch2_chrI_2.fastq
    output: results/fastp/batch2_R1.clean.fastq.gz, results/fastp/batch2_R2.clean.fastq.gz, results/summary_qc/batch2_fastp.json, results/summary_qc/batch2_fastp.html
    jobid: 8
    reason: Missing output files: results/summary_qc/batch2_fastp.json, results/fastp/batch2_R2.clean.fastq.gz, results/fastp/batch2_R1.clean.fastq.gz, results/summary_qc/batch2_fastp.html
    wildcards: sample=batch2
    threads: 4
    resources: tmpdir=/tmp

[Wed Jul 23 18:16:39 2025]
Finished job 14.
3 of 46 steps (7%) done
Select jobs to execute...

[Wed Jul 23 18:16:39 2025]
rule fastp:
    input: testdata/raw/chem2_chrI_1.fastq, testdata/raw/chem2_chrI_2.fastq
    output: results/fastp/chem2_R1.clean.fastq.gz, results/fastp/chem2_R2.clean.fastq.gz, results/summary_qc/chem2_fastp.json, results/summary_qc/chem2_fastp.html
    jobid: 17
    reason: Missing output files: results/summary_qc/chem2_fastp.json, results/fastp/chem2_R2.clean.fastq.gz, results/fastp/chem2_R1.clean.fastq.gz, results/summary_qc/chem2_fastp.html
    wildcards: sample=chem2
    threads: 4
    resources: tmpdir=/tmp

[Wed Jul 23 18:16:40 2025]
Finished job 8.
4 of 46 steps (9%) done
Select jobs to execute...

[Wed Jul 23 18:16:40 2025]
rule fastp:
    input: testdata/raw/chem3_chrI_1.fastq, testdata/raw/chem3_chrI_2.fastq
    output: results/fastp/chem3_R1.clean.fastq.gz, results/fastp/chem3_R2.clean.fastq.gz, results/summary_qc/chem3_fastp.json, results/summary_qc/chem3_fastp.html
    jobid: 20
    reason: Missing output files: results/summary_qc/chem3_fastp.html, results/fastp/chem3_R1.clean.fastq.gz, results/fastp/chem3_R2.clean.fastq.gz, results/summary_qc/chem3_fastp.json
    wildcards: sample=chem3
    threads: 4
    resources: tmpdir=/tmp

[Wed Jul 23 18:16:41 2025]
Finished job 17.
5 of 46 steps (11%) done
Select jobs to execute...

[Wed Jul 23 18:16:41 2025]
rule hisat2_extract_splicesites:
    input: testdata/genome/genes.gtf
    output: results/hisat2/splice_sites.txt
    jobid: 5
    reason: Missing output files: results/hisat2/splice_sites.txt
    resources: tmpdir=/tmp

[Wed Jul 23 18:16:41 2025]
Finished job 5.
6 of 46 steps (13%) done
Select jobs to execute...
[Wed Jul 23 18:16:43 2025]
Finished job 20.
7 of 46 steps (15%) done

[Wed Jul 23 18:16:43 2025]
rule hisat2_index:
    input: testdata/genome/genome.fna, results/hisat2/splice_sites.txt
    output: results/hisat2_index
    jobid: 4
    reason: Missing output files: results/hisat2_index; Input files updated by another job: results/hisat2/splice_sites.txt
    threads: 8
    resources: tmpdir=/tmp

[Wed Jul 23 18:16:49 2025]
Finished job 4.
8 of 46 steps (17%) done
Select jobs to execute...

[Wed Jul 23 18:16:49 2025]
rule hisat2_align:
    input: results/fastp/batch1_R1.clean.fastq.gz, results/fastp/batch1_R2.clean.fastq.gz, results/hisat2_index, results/hisat2/splice_sites.txt
    output: results/align/batch1.bam, results/align/batch1.bam.bai, results/summary_qc/batch1.hisat2.log
    jobid: 2
    reason: Missing output files: results/summary_qc/batch1.hisat2.log, results/align/batch1.bam; Input files updated by another job: results/fastp/batch1_R1.clean.fastq.gz, results/fastp/batch1_R2.clean.fastq.gz, results/hisat2_index, results/hisat2/splice_sites.txt
    wildcards: sample=batch1
    threads: 8
    resources: tmpdir=/tmp

[Wed Jul 23 18:16:51 2025]
Finished job 2.
9 of 46 steps (20%) done
Select jobs to execute...

[Wed Jul 23 18:16:51 2025]
rule hisat2_align:
    input: results/fastp/chem2_R1.clean.fastq.gz, results/fastp/chem2_R2.clean.fastq.gz, results/hisat2_index, results/hisat2/splice_sites.txt
    output: results/align/chem2.bam, results/align/chem2.bam.bai, results/summary_qc/chem2.hisat2.log
    jobid: 16
    reason: Missing output files: results/align/chem2.bam, results/summary_qc/chem2.hisat2.log; Input files updated by another job: results/hisat2_index, results/fastp/chem2_R2.clean.fastq.gz, results/fastp/chem2_R1.clean.fastq.gz, results/hisat2/splice_sites.txt
    wildcards: sample=chem2
    threads: 8
    resources: tmpdir=/tmp

[Wed Jul 23 18:16:53 2025]
Finished job 16.
10 of 46 steps (22%) done
Select jobs to execute...

[Wed Jul 23 18:16:53 2025]
rule stringtie_quant:
    input: results/align/batch1.bam, testdata/genome/genes.gtf
    output: results/quant/batch1/batch1.gtf
    jobid: 1
    reason: Missing output files: results/quant/batch1/batch1.gtf; Input files updated by another job: results/align/batch1.bam
    wildcards: sample=batch1
    threads: 8
    resources: tmpdir=/tmp

[Wed Jul 23 18:16:53 2025]
Finished job 1.
11 of 46 steps (24%) done
Select jobs to execute...

[Wed Jul 23 18:16:53 2025]
rule hisat2_align:
    input: results/fastp/batch3_R1.clean.fastq.gz, results/fastp/batch3_R2.clean.fastq.gz, results/hisat2_index, results/hisat2/splice_sites.txt
    output: results/align/batch3.bam, results/align/batch3.bam.bai, results/summary_qc/batch3.hisat2.log
    jobid: 10
    reason: Missing output files: results/summary_qc/batch3.hisat2.log, results/align/batch3.bam; Input files updated by another job: results/hisat2_index, results/fastp/batch3_R2.clean.fastq.gz, results/fastp/batch3_R1.clean.fastq.gz, results/hisat2/splice_sites.txt
    wildcards: sample=batch3
    threads: 8
    resources: tmpdir=/tmp

[Wed Jul 23 18:16:55 2025]
Finished job 10.
12 of 46 steps (26%) done
Select jobs to execute...

[Wed Jul 23 18:16:55 2025]
rule stringtie_quant:
    input: results/align/chem2.bam, testdata/genome/genes.gtf
    output: results/quant/chem2/chem2.gtf
    jobid: 15
    reason: Missing output files: results/quant/chem2/chem2.gtf; Input files updated by another job: results/align/chem2.bam
    wildcards: sample=chem2
    threads: 8
    resources: tmpdir=/tmp

[Wed Jul 23 18:16:56 2025]
Finished job 15.
13 of 46 steps (28%) done
Select jobs to execute...

[Wed Jul 23 18:16:56 2025]
rule hisat2_align:
    input: results/fastp/chem1_R1.clean.fastq.gz, results/fastp/chem1_R2.clean.fastq.gz, results/hisat2_index, results/hisat2/splice_sites.txt
    output: results/align/chem1.bam, results/align/chem1.bam.bai, results/summary_qc/chem1.hisat2.log
    jobid: 13
    reason: Missing output files: results/align/chem1.bam, results/summary_qc/chem1.hisat2.log; Input files updated by another job: results/hisat2_index, results/fastp/chem1_R1.clean.fastq.gz, results/fastp/chem1_R2.clean.fastq.gz, results/hisat2/splice_sites.txt
    wildcards: sample=chem1
    threads: 8
    resources: tmpdir=/tmp

[Wed Jul 23 18:16:57 2025]
Finished job 13.
14 of 46 steps (30%) done
Select jobs to execute...

[Wed Jul 23 18:16:57 2025]
rule stringtie_quant:
    input: results/align/chem1.bam, testdata/genome/genes.gtf
    output: results/quant/chem1/chem1.gtf
    jobid: 12
    reason: Missing output files: results/quant/chem1/chem1.gtf; Input files updated by another job: results/align/chem1.bam
    wildcards: sample=chem1
    threads: 8
    resources: tmpdir=/tmp

[Wed Jul 23 18:16:57 2025]
Finished job 12.
15 of 46 steps (33%) done
Select jobs to execute...

[Wed Jul 23 18:16:57 2025]
rule stringtie_quant:
    input: results/align/batch3.bam, testdata/genome/genes.gtf
    output: results/quant/batch3/batch3.gtf
    jobid: 9
    reason: Missing output files: results/quant/batch3/batch3.gtf; Input files updated by another job: results/align/batch3.bam
    wildcards: sample=batch3
    threads: 8
    resources: tmpdir=/tmp

[Wed Jul 23 18:16:58 2025]
Finished job 9.
16 of 46 steps (35%) done
Select jobs to execute...

[Wed Jul 23 18:16:58 2025]
rule hisat2_align:
    input: results/fastp/chem3_R1.clean.fastq.gz, results/fastp/chem3_R2.clean.fastq.gz, results/hisat2_index, results/hisat2/splice_sites.txt
    output: results/align/chem3.bam, results/align/chem3.bam.bai, results/summary_qc/chem3.hisat2.log
    jobid: 19
    reason: Missing output files: results/summary_qc/chem3.hisat2.log, results/align/chem3.bam; Input files updated by another job: results/fastp/chem3_R1.clean.fastq.gz, results/hisat2_index, results/fastp/chem3_R2.clean.fastq.gz, results/hisat2/splice_sites.txt
    wildcards: sample=chem3
    threads: 8
    resources: tmpdir=/tmp

[Wed Jul 23 18:17:00 2025]
Finished job 19.
17 of 46 steps (37%) done
Select jobs to execute...

[Wed Jul 23 18:17:00 2025]
rule samtools_stats:
    input: results/align/chem3.bam
    output: results/summary_qc/samtools/chem3.samtools.stats
    jobid: 32
    reason: Missing output files: results/summary_qc/samtools/chem3.samtools.stats; Input files updated by another job: results/align/chem3.bam
    wildcards: sample=chem3
    resources: tmpdir=/tmp


[Wed Jul 23 18:17:00 2025]
rule gffcompare:
    input: results/quant/batch1/batch1.gtf, testdata/genome/genes.gtf
    output: results/summary_qc/gffcompare/batch1.stats, results/summary_qc/gffcompare/batch1.loci, results/summary_qc/gffcompare/batch1.annotated.gtf, results/summary_qc/gffcompare/batch1.tracking
    jobid: 21
    reason: Missing output files: results/summary_qc/gffcompare/batch1.loci, results/summary_qc/gffcompare/batch1.stats, results/summary_qc/gffcompare/batch1.annotated.gtf, results/summary_qc/gffcompare/batch1.tracking; Input files updated by another job: results/quant/batch1/batch1.gtf
    wildcards: sample=batch1
    resources: tmpdir=/tmp


[Wed Jul 23 18:17:00 2025]
rule gffcompare:
    input: results/quant/batch3/batch3.gtf, testdata/genome/genes.gtf
    output: results/summary_qc/gffcompare/batch3.stats, results/summary_qc/gffcompare/batch3.loci, results/summary_qc/gffcompare/batch3.annotated.gtf, results/summary_qc/gffcompare/batch3.tracking
    jobid: 23
    reason: Missing output files: results/summary_qc/gffcompare/batch3.stats, results/summary_qc/gffcompare/batch3.loci, results/summary_qc/gffcompare/batch3.tracking, results/summary_qc/gffcompare/batch3.annotated.gtf; Input files updated by another job: results/quant/batch3/batch3.gtf
    wildcards: sample=batch3
    resources: tmpdir=/tmp


[Wed Jul 23 18:17:00 2025]
rule gffcompare:
    input: results/quant/chem2/chem2.gtf, testdata/genome/genes.gtf
    output: results/summary_qc/gffcompare/chem2.stats, results/summary_qc/gffcompare/chem2.loci, results/summary_qc/gffcompare/chem2.annotated.gtf, results/summary_qc/gffcompare/chem2.tracking
    jobid: 25
    reason: Missing output files: results/summary_qc/gffcompare/chem2.tracking, results/summary_qc/gffcompare/chem2.stats, results/summary_qc/gffcompare/chem2.loci, results/summary_qc/gffcompare/chem2.annotated.gtf; Input files updated by another job: results/quant/chem2/chem2.gtf
    wildcards: sample=chem2
    resources: tmpdir=/tmp


[Wed Jul 23 18:17:00 2025]
rule samtools_stats:
    input: results/align/batch1.bam
    output: results/summary_qc/samtools/batch1.samtools.stats
    jobid: 27
    reason: Missing output files: results/summary_qc/samtools/batch1.samtools.stats; Input files updated by another job: results/align/batch1.bam
    wildcards: sample=batch1
    resources: tmpdir=/tmp


[Wed Jul 23 18:17:00 2025]
rule samtools_stats:
    input: results/align/batch3.bam
    output: results/summary_qc/samtools/batch3.samtools.stats
    jobid: 29
    reason: Missing output files: results/summary_qc/samtools/batch3.samtools.stats; Input files updated by another job: results/align/batch3.bam
    wildcards: sample=batch3
    resources: tmpdir=/tmp


[Wed Jul 23 18:17:00 2025]
rule samtools_stats:
    input: results/align/chem2.bam
    output: results/summary_qc/samtools/chem2.samtools.stats
    jobid: 31
    reason: Missing output files: results/summary_qc/samtools/chem2.samtools.stats; Input files updated by another job: results/align/chem2.bam
    wildcards: sample=chem2
    resources: tmpdir=/tmp


[Wed Jul 23 18:17:00 2025]
rule samtools_stats:
    input: results/align/chem1.bam
    output: results/summary_qc/samtools/chem1.samtools.stats
    jobid: 30
    reason: Missing output files: results/summary_qc/samtools/chem1.samtools.stats; Input files updated by another job: results/align/chem1.bam
    wildcards: sample=chem1
    resources: tmpdir=/tmp

[Wed Jul 23 18:17:00 2025]
Finished job 21.
18 of 46 steps (39%) done
Select jobs to execute...

[Wed Jul 23 18:17:00 2025]
rule gffcompare:
    input: results/quant/chem1/chem1.gtf, testdata/genome/genes.gtf
    output: results/summary_qc/gffcompare/chem1.stats, results/summary_qc/gffcompare/chem1.loci, results/summary_qc/gffcompare/chem1.annotated.gtf, results/summary_qc/gffcompare/chem1.tracking
    jobid: 24
    reason: Missing output files: results/summary_qc/gffcompare/chem1.loci, results/summary_qc/gffcompare/chem1.tracking, results/summary_qc/gffcompare/chem1.stats, results/summary_qc/gffcompare/chem1.annotated.gtf; Input files updated by another job: results/quant/chem1/chem1.gtf
    wildcards: sample=chem1
    resources: tmpdir=/tmp

[Wed Jul 23 18:17:00 2025]
Finished job 23.
19 of 46 steps (41%) done
Select jobs to execute...
[Wed Jul 23 18:17:00 2025]
Finished job 25.
20 of 46 steps (43%) done
[Wed Jul 23 18:17:00 2025]
Finished job 30.
21 of 46 steps (46%) done
[Wed Jul 23 18:17:00 2025]
Finished job 27.
22 of 46 steps (48%) done
[Wed Jul 23 18:17:01 2025]
Finished job 29.
23 of 46 steps (50%) done
[Wed Jul 23 18:17:01 2025]
Finished job 24.
24 of 46 steps (52%) done
[Wed Jul 23 18:17:01 2025]
Finished job 32.
25 of 46 steps (54%) done
[Wed Jul 23 18:17:01 2025]
Finished job 31.
26 of 46 steps (57%) done

[Wed Jul 23 18:17:01 2025]
rule stringtie_quant:
    input: results/align/chem3.bam, testdata/genome/genes.gtf
    output: results/quant/chem3/chem3.gtf
    jobid: 18
    reason: Missing output files: results/quant/chem3/chem3.gtf; Input files updated by another job: results/align/chem3.bam
    wildcards: sample=chem3
    threads: 8
    resources: tmpdir=/tmp

Select jobs to execute...
[Wed Jul 23 18:17:01 2025]
Finished job 18.
27 of 46 steps (59%) done

[Wed Jul 23 18:17:01 2025]
rule hisat2_align:
    input: results/fastp/batch2_R1.clean.fastq.gz, results/fastp/batch2_R2.clean.fastq.gz, results/hisat2_index, results/hisat2/splice_sites.txt
    output: results/align/batch2.bam, results/align/batch2.bam.bai, results/summary_qc/batch2.hisat2.log
    jobid: 7
    reason: Missing output files: results/align/batch2.bam, results/summary_qc/batch2.hisat2.log; Input files updated by another job: results/fastp/batch2_R2.clean.fastq.gz, results/fastp/batch2_R1.clean.fastq.gz, results/hisat2_index, results/hisat2/splice_sites.txt
    wildcards: sample=batch2
    threads: 8
    resources: tmpdir=/tmp

[Wed Jul 23 18:17:03 2025]
Finished job 7.
28 of 46 steps (61%) done
Select jobs to execute...

[Wed Jul 23 18:17:03 2025]
rule stringtie_quant:
    input: results/align/batch2.bam, testdata/genome/genes.gtf
    output: results/quant/batch2/batch2.gtf
    jobid: 6
    reason: Missing output files: results/quant/batch2/batch2.gtf; Input files updated by another job: results/align/batch2.bam
    wildcards: sample=batch2
    threads: 8
    resources: tmpdir=/tmp

[Wed Jul 23 18:17:04 2025]
Finished job 6.
29 of 46 steps (63%) done
Select jobs to execute...

[Wed Jul 23 18:17:04 2025]
rule gffcompare:
    input: results/quant/chem3/chem3.gtf, testdata/genome/genes.gtf
    output: results/summary_qc/gffcompare/chem3.stats, results/summary_qc/gffcompare/chem3.loci, results/summary_qc/gffcompare/chem3.annotated.gtf, results/summary_qc/gffcompare/chem3.tracking
    jobid: 26
    reason: Missing output files: results/summary_qc/gffcompare/chem3.loci, results/summary_qc/gffcompare/chem3.annotated.gtf, results/summary_qc/gffcompare/chem3.tracking, results/summary_qc/gffcompare/chem3.stats; Input files updated by another job: results/quant/chem3/chem3.gtf
    wildcards: sample=chem3
    resources: tmpdir=/tmp


[Wed Jul 23 18:17:04 2025]
rule build_samples_table:
    input: results/quant/batch1/batch1.gtf, results/quant/batch2/batch2.gtf, results/quant/batch3/batch3.gtf, results/quant/chem1/chem1.gtf, results/quant/chem2/chem2.gtf, results/quant/chem3/chem3.gtf
    output: results/quant/samples_table.txt
    jobid: 33
    reason: Missing output files: results/quant/samples_table.txt; Input files updated by another job: results/quant/batch2/batch2.gtf, results/quant/chem2/chem2.gtf, results/quant/batch1/batch1.gtf, results/quant/chem1/chem1.gtf, results/quant/batch3/batch3.gtf, results/quant/chem3/chem3.gtf
    resources: tmpdir=/tmp

[Wed Jul 23 18:17:04 2025]
rule samtools_stats:
    input: results/align/batch2.bam
    output: results/summary_qc/samtools/batch2.samtools.stats
    jobid: 28
    reason: Missing output files: results/summary_qc/samtools/batch2.samtools.stats; Input files updated by another job: results/align/batch2.bam
    wildcards: sample=batch2
    resources: tmpdir=/tmp


[Wed Jul 23 18:17:04 2025]
rule gffcompare:
    input: results/quant/batch2/batch2.gtf, testdata/genome/genes.gtf
    output: results/summary_qc/gffcompare/batch2.stats, results/summary_qc/gffcompare/batch2.loci, results/summary_qc/gffcompare/batch2.annotated.gtf, results/summary_qc/gffcompare/batch2.tracking
    jobid: 22
    reason: Missing output files: results/summary_qc/gffcompare/batch2.annotated.gtf, results/summary_qc/gffcompare/batch2.stats, results/summary_qc/gffcompare/batch2.loci, results/summary_qc/gffcompare/batch2.tracking; Input files updated by another job: results/quant/batch2/batch2.gtf
    wildcards: sample=batch2
    resources: tmpdir=/tmp

[Wed Jul 23 18:17:04 2025]
Finished job 26.
30 of 46 steps (65%) done
[Wed Jul 23 18:17:04 2025]
Finished job 22.
31 of 46 steps (67%) done
[Wed Jul 23 18:17:04 2025]
Finished job 28.
32 of 46 steps (70%) done
[Wed Jul 23 18:17:05 2025]
Finished job 33.
33 of 46 steps (72%) done
Select jobs to execute...

[Wed Jul 23 18:17:05 2025]
rule stringtie_merge:
    input: results/quant/samples_table.txt, testdata/genome/genes.gtf
    output: results/quant/stringtie_merged.gtf
    jobid: 34
    reason: Missing output files: results/quant/stringtie_merged.gtf; Input files updated by another job: results/quant/samples_table.txt
    threads: 8
    resources: tmpdir=/tmp

[Wed Jul 23 18:17:06 2025]
Finished job 34.
34 of 46 steps (74%) done
Select jobs to execute...

[Wed Jul 23 18:17:06 2025]
rule stringtie_final_quant:
    input: results/align/chem2.bam, results/quant/stringtie_merged.gtf
    output: results/quant_final/chem2/chem2.gtf
    jobid: 40
    reason: Missing output files: results/quant_final/chem2/chem2.gtf; Input files updated by another job: results/align/chem2.bam, results/quant/stringtie_merged.gtf
    wildcards: sample=chem2
    threads: 8
    resources: tmpdir=/tmp

[Wed Jul 23 18:17:06 2025]
Finished job 40.
35 of 46 steps (76%) done
Select jobs to execute...

[Wed Jul 23 18:17:06 2025]
rule stringtie_final_quant:
    input: results/align/batch3.bam, results/quant/stringtie_merged.gtf
    output: results/quant_final/batch3/batch3.gtf
    jobid: 38
    reason: Missing output files: results/quant_final/batch3/batch3.gtf; Input files updated by another job: results/quant/stringtie_merged.gtf, results/align/batch3.bam
    wildcards: sample=batch3
    threads: 8
    resources: tmpdir=/tmp

[Wed Jul 23 18:17:06 2025]
Finished job 38.
36 of 46 steps (78%) done
Select jobs to execute...

[Wed Jul 23 18:17:06 2025]
rule stringtie_final_quant:
    input: results/align/batch1.bam, results/quant/stringtie_merged.gtf
    output: results/quant_final/batch1/batch1.gtf
    jobid: 36
    reason: Missing output files: results/quant_final/batch1/batch1.gtf; Input files updated by another job: results/quant/stringtie_merged.gtf, results/align/batch1.bam
    wildcards: sample=batch1
    threads: 8
    resources: tmpdir=/tmp

[Wed Jul 23 18:17:07 2025]
Finished job 36.
37 of 46 steps (80%) done
Select jobs to execute...

[Wed Jul 23 18:17:07 2025]
rule stringtie_final_quant:
    input: results/align/chem3.bam, results/quant/stringtie_merged.gtf
    output: results/quant_final/chem3/chem3.gtf
    jobid: 41
    reason: Missing output files: results/quant_final/chem3/chem3.gtf; Input files updated by another job: results/quant/stringtie_merged.gtf, results/align/chem3.bam
    wildcards: sample=chem3
    threads: 8
    resources: tmpdir=/tmp

[Wed Jul 23 18:17:07 2025]
Finished job 41.
38 of 46 steps (83%) done
Select jobs to execute...

[Wed Jul 23 18:17:07 2025]
rule stringtie_final_quant:
    input: results/align/batch2.bam, results/quant/stringtie_merged.gtf
    output: results/quant_final/batch2/batch2.gtf
    jobid: 37
    reason: Missing output files: results/quant_final/batch2/batch2.gtf; Input files updated by another job: results/align/batch2.bam, results/quant/stringtie_merged.gtf
    wildcards: sample=batch2
    threads: 8
    resources: tmpdir=/tmp

[Wed Jul 23 18:17:08 2025]
Finished job 37.
39 of 46 steps (85%) done
Select jobs to execute...

[Wed Jul 23 18:17:08 2025]
rule stringtie_final_quant:
    input: results/align/chem1.bam, results/quant/stringtie_merged.gtf
    output: results/quant_final/chem1/chem1.gtf
    jobid: 39
    reason: Missing output files: results/quant_final/chem1/chem1.gtf; Input files updated by another job: results/quant/stringtie_merged.gtf, results/align/chem1.bam
    wildcards: sample=chem1
    threads: 8
    resources: tmpdir=/tmp

[Wed Jul 23 18:17:08 2025]
Finished job 39.
40 of 46 steps (87%) done
Select jobs to execute...

[Wed Jul 23 18:17:08 2025]
rule build_quant_sample_table:
    input: results/quant_final/batch1/batch1.gtf, results/quant_final/batch2/batch2.gtf, results/quant_final/batch3/batch3.gtf, results/quant_final/chem1/chem1.gtf, results/quant_final/chem2/chem2.gtf, results/quant_final/chem3/chem3.gtf
    output: results/quant/samples_quant_table.txt
    jobid: 35
    reason: Missing output files: results/quant/samples_quant_table.txt; Input files updated by another job: results/quant_final/batch1/batch1.gtf, results/quant_final/chem3/chem3.gtf, results/quant_final/batch2/batch2.gtf, results/quant_final/chem2/chem2.gtf, results/quant_final/batch3/batch3.gtf, results/quant_final/chem1/chem1.gtf
    resources: tmpdir=/tmp

[Wed Jul 23 18:17:09 2025]
Finished job 35.
41 of 46 steps (89%) done
Select jobs to execute...

[Wed Jul 23 18:17:09 2025]
rule prepDE:
    input: results/quant/samples_quant_table.txt
    output: results/quant/gene_count_matrix.csv, results/quant/transcript_count_matrix.csv
    jobid: 42
    reason: Missing output files: results/quant/transcript_count_matrix.csv, results/quant/gene_count_matrix.csv; Input files updated by another job: results/quant/samples_quant_table.txt
    resources: tmpdir=/tmp

[Wed Jul 23 18:17:10 2025]
Finished job 42.
42 of 46 steps (91%) done
Select jobs to execute...

[Wed Jul 23 18:17:10 2025]
rule expr_diff:
    input: results/quant/transcript_count_matrix.csv, data/metadata.tsv
    output: results/summary_qc/distance_matrix.txt, results/summary_qc/pca.txt, results/summary_qc/abundance.txt, results/summary_qc/volcano.txt, results/summary_qc/deg.txt
    jobid: 44
    reason: Missing output files: results/summary_qc/abundance.txt, results/summary_qc/pca.txt, results/summary_qc/volcano.txt; Input files updated by another job: results/quant/transcript_count_matrix.csv
    resources: tmpdir=/tmp

[Wed Jul 23 18:17:21 2025]
Finished job 44.
43 of 46 steps (93%) done
Select jobs to execute...

[Wed Jul 23 18:17:21 2025]
rule mqc_reformat:
    input: results/summary_qc/abundance.txt, results/summary_qc/pca.txt, results/summary_qc/volcano.txt
    output: results/summary_qc/abundance_heatmap_mqc.yaml, results/summary_qc/pca_mqc.yaml, results/summary_qc/volcano_mqc.yaml
    jobid: 43
    reason: Missing output files: results/summary_qc/pca_mqc.yaml, results/summary_qc/volcano_mqc.yaml, results/summary_qc/abundance_heatmap_mqc.yaml; Input files updated by another job: results/summary_qc/abundance.txt, results/summary_qc/pca.txt, results/summary_qc/volcano.txt
    resources: tmpdir=/tmp

[Wed Jul 23 18:17:22 2025]
Finished job 43.
44 of 46 steps (96%) done
Select jobs to execute...

[Wed Jul 23 18:17:22 2025]
rule multiqc:
    input: data/samples_mqc.txt, results/summary_qc/batch1_fastp.json, results/summary_qc/batch2_fastp.json, results/summary_qc/batch3_fastp.json, results/summary_qc/chem1_fastp.json, results/summary_qc/chem2_fastp.json, results/summary_qc/chem3_fastp.json, results/summary_qc/batch1_fastp.html, results/summary_qc/batch2_fastp.html, results/summary_qc/batch3_fastp.html, results/summary_qc/chem1_fastp.html, results/summary_qc/chem2_fastp.html, results/summary_qc/chem3_fastp.html, results/summary_qc/batch1.hisat2.log, results/summary_qc/batch2.hisat2.log, results/summary_qc/batch3.hisat2.log, results/summary_qc/chem1.hisat2.log, results/summary_qc/chem2.hisat2.log, results/summary_qc/chem3.hisat2.log, results/summary_qc/samtools/batch1.samtools.stats, results/summary_qc/samtools/batch2.samtools.stats, results/summary_qc/samtools/batch3.samtools.stats, results/summary_qc/samtools/chem1.samtools.stats, results/summary_qc/samtools/chem2.samtools.stats, results/summary_qc/samtools/chem3.samtools.stats, results/summary_qc/gffcompare/batch1.stats, results/summary_qc/gffcompare/batch2.stats, results/summary_qc/gffcompare/batch3.stats, results/summary_qc/gffcompare/chem1.stats, results/summary_qc/gffcompare/chem2.stats, results/summary_qc/gffcompare/chem3.stats, results/summary_qc/gffcompare/batch1.tracking, results/summary_qc/gffcompare/batch2.tracking, results/summary_qc/gffcompare/batch3.tracking, results/summary_qc/gffcompare/chem1.tracking, results/summary_qc/gffcompare/chem2.tracking, results/summary_qc/gffcompare/chem3.tracking, results/summary_qc/gffcompare/batch1.loci, results/summary_qc/gffcompare/batch2.loci, results/summary_qc/gffcompare/batch3.loci, results/summary_qc/gffcompare/chem1.loci, results/summary_qc/gffcompare/chem2.loci, results/summary_qc/gffcompare/chem3.loci, results/summary_qc/abundance_heatmap_mqc.yaml, results/summary_qc/pca_mqc.yaml, results/summary_qc/volcano_mqc.yaml
    output: results/summary_qc/multiqc_report.html
    jobid: 46
    reason: Missing output files: results/summary_qc/multiqc_report.html; Input files updated by another job: results/summary_qc/batch1_fastp.html, results/summary_qc/volcano_mqc.yaml, results/summary_qc/gffcompare/chem1.tracking, results/summary_qc/chem3.hisat2.log, results/summary_qc/batch3.hisat2.log, results/summary_qc/gffcompare/chem3.stats, results/summary_qc/gffcompare/batch3.tracking, results/summary_qc/batch2.hisat2.log, results/summary_qc/chem1_fastp.html, results/summary_qc/gffcompare/chem2.stats, results/summary_qc/pca_mqc.yaml, results/summary_qc/batch1.hisat2.log, results/summary_qc/gffcompare/chem1.stats, results/summary_qc/batch3_fastp.json, results/summary_qc/chem2_fastp.html, results/summary_qc/gffcompare/chem2.loci, results/summary_qc/gffcompare/chem1.loci, results/summary_qc/gffcompare/chem3.loci, results/summary_qc/batch2_fastp.json, results/summary_qc/samtools/batch2.samtools.stats, results/summary_qc/gffcompare/batch3.stats, results/summary_qc/gffcompare/batch2.stats, results/summary_qc/gffcompare/batch1.stats, results/summary_qc/batch3_fastp.html, results/summary_qc/samtools/chem2.samtools.stats, results/summary_qc/samtools/batch3.samtools.stats, results/summary_qc/gffcompare/chem3.tracking, results/summary_qc/gffcompare/batch2.loci, results/summary_qc/samtools/chem1.samtools.stats, results/summary_qc/gffcompare/batch3.loci, results/summary_qc/gffcompare/batch1.loci, results/summary_qc/samtools/chem3.samtools.stats, results/summary_qc/chem1_fastp.json, results/summary_qc/chem1.hisat2.log, results/summary_qc/chem3_fastp.json, results/summary_qc/gffcompare/batch1.tracking, results/summary_qc/samtools/batch1.samtools.stats, results/summary_qc/batch2_fastp.html, results/summary_qc/batch1_fastp.json, results/summary_qc/gffcompare/batch2.tracking, results/summary_qc/chem2_fastp.json, results/summary_qc/gffcompare/chem2.tracking, results/summary_qc/chem3_fastp.html, results/summary_qc/chem2.hisat2.log, results/summary_qc/abundance_heatmap_mqc.yaml
    threads: 4
    resources: tmpdir=/tmp

[Wed Jul 23 18:17:26 2025]
Finished job 46.
45 of 46 steps (98%) done
Select jobs to execute...

[Wed Jul 23 18:17:26 2025]
localrule all:
    input: results/quant/batch1/batch1.gtf, results/quant/batch2/batch2.gtf, results/quant/batch3/batch3.gtf, results/quant/chem1/chem1.gtf, results/quant/chem2/chem2.gtf, results/quant/chem3/chem3.gtf, results/summary_qc/gffcompare/batch1.annotated.gtf, results/summary_qc/gffcompare/batch2.annotated.gtf, results/summary_qc/gffcompare/batch3.annotated.gtf, results/summary_qc/gffcompare/chem1.annotated.gtf, results/summary_qc/gffcompare/chem2.annotated.gtf, results/summary_qc/gffcompare/chem3.annotated.gtf, results/summary_qc/gffcompare/batch1.stats, results/summary_qc/gffcompare/batch2.stats, results/summary_qc/gffcompare/batch3.stats, results/summary_qc/gffcompare/chem1.stats, results/summary_qc/gffcompare/chem2.stats, results/summary_qc/gffcompare/chem3.stats, results/summary_qc/gffcompare/batch1.loci, results/summary_qc/gffcompare/batch2.loci, results/summary_qc/gffcompare/batch3.loci, results/summary_qc/gffcompare/chem1.loci, results/summary_qc/gffcompare/chem2.loci, results/summary_qc/gffcompare/chem3.loci, results/summary_qc/gffcompare/batch1.tracking, results/summary_qc/gffcompare/batch2.tracking, results/summary_qc/gffcompare/batch3.tracking, results/summary_qc/gffcompare/chem1.tracking, results/summary_qc/gffcompare/chem2.tracking, results/summary_qc/gffcompare/chem3.tracking, results/summary_qc/batch1_fastp.html, results/summary_qc/batch2_fastp.html, results/summary_qc/batch3_fastp.html, results/summary_qc/chem1_fastp.html, results/summary_qc/chem2_fastp.html, results/summary_qc/chem3_fastp.html, results/summary_qc/batch1_fastp.json, results/summary_qc/batch2_fastp.json, results/summary_qc/batch3_fastp.json, results/summary_qc/chem1_fastp.json, results/summary_qc/chem2_fastp.json, results/summary_qc/chem3_fastp.json, results/summary_qc/batch1.hisat2.log, results/summary_qc/batch2.hisat2.log, results/summary_qc/batch3.hisat2.log, results/summary_qc/chem1.hisat2.log, results/summary_qc/chem2.hisat2.log, results/summary_qc/chem3.hisat2.log, results/summary_qc/samtools/batch1.samtools.stats, results/summary_qc/samtools/batch2.samtools.stats, results/summary_qc/samtools/batch3.samtools.stats, results/summary_qc/samtools/chem1.samtools.stats, results/summary_qc/samtools/chem2.samtools.stats, results/summary_qc/samtools/chem3.samtools.stats, results/quant/samples_table.txt, results/quant/stringtie_merged.gtf, results/quant/samples_quant_table.txt, results/quant/gene_count_matrix.csv, results/quant/transcript_count_matrix.csv, results/summary_qc/abundance_heatmap_mqc.yaml, results/summary_qc/pca_mqc.yaml, results/summary_qc/volcano_mqc.yaml, results/summary_qc/multiqc_report.html
    jobid: 0
    reason: Input files updated by another job: results/quant/batch2/batch2.gtf, results/summary_qc/batch1_fastp.html, results/summary_qc/volcano_mqc.yaml, results/summary_qc/gffcompare/chem1.tracking, results/summary_qc/chem3.hisat2.log, results/summary_qc/batch3.hisat2.log, results/summary_qc/gffcompare/chem3.stats, results/summary_qc/gffcompare/batch3.tracking, results/quant/samples_table.txt, results/summary_qc/gffcompare/chem3.annotated.gtf, results/summary_qc/batch2.hisat2.log, results/summary_qc/chem1_fastp.html, results/summary_qc/gffcompare/chem2.stats, results/quant/gene_count_matrix.csv, results/summary_qc/pca_mqc.yaml, results/quant/batch3/batch3.gtf, results/summary_qc/batch1.hisat2.log, results/summary_qc/gffcompare/chem1.stats, results/summary_qc/chem2_fastp.html, results/summary_qc/batch3_fastp.json, results/summary_qc/gffcompare/chem2.annotated.gtf, results/summary_qc/gffcompare/chem2.loci, results/summary_qc/gffcompare/chem1.loci, results/summary_qc/gffcompare/chem3.loci, results/quant/chem1/chem1.gtf, results/quant/batch1/batch1.gtf, results/summary_qc/batch2_fastp.json, results/summary_qc/samtools/batch2.samtools.stats, results/summary_qc/abundance_heatmap_mqc.yaml, results/summary_qc/gffcompare/batch3.stats, results/summary_qc/gffcompare/batch1.annotated.gtf, results/summary_qc/gffcompare/batch2.annotated.gtf, results/summary_qc/gffcompare/batch1.stats, results/summary_qc/gffcompare/batch2.stats, results/summary_qc/batch3_fastp.html, results/quant/transcript_count_matrix.csv, results/summary_qc/samtools/chem2.samtools.stats, results/summary_qc/gffcompare/batch3.annotated.gtf, results/summary_qc/samtools/batch3.samtools.stats, results/summary_qc/gffcompare/chem3.tracking, results/summary_qc/multiqc_report.html, results/summary_qc/gffcompare/batch2.loci, results/summary_qc/samtools/chem1.samtools.stats, results/summary_qc/gffcompare/batch3.loci, results/quant/samples_quant_table.txt, results/summary_qc/gffcompare/batch1.loci, results/summary_qc/samtools/chem3.samtools.stats, results/summary_qc/chem1_fastp.json, results/summary_qc/chem1.hisat2.log, results/summary_qc/chem3_fastp.json, results/summary_qc/gffcompare/chem1.annotated.gtf, results/summary_qc/gffcompare/batch1.tracking, results/summary_qc/samtools/batch1.samtools.stats, results/summary_qc/batch2_fastp.html, results/summary_qc/batch1_fastp.json, results/quant/stringtie_merged.gtf, results/summary_qc/gffcompare/batch2.tracking, results/quant/chem2/chem2.gtf, results/summary_qc/chem2_fastp.json, results/summary_qc/gffcompare/chem2.tracking, results/summary_qc/chem3_fastp.html, results/summary_qc/chem2.hisat2.log, results/quant/chem3/chem3.gtf
    resources: tmpdir=/tmp

[Wed Jul 23 18:17:26 2025]
Finished job 0.
46 of 46 steps (100%) done
Complete log: .snakemake/log/2025-07-23T181634.423613.snakemake.log
