Building DAG of jobs...
Using shell: /usr/bin/bash
Provided cores: 4
Rules claiming more threads will be scaled down.
Conda environments: ignored
Job stats:
job                         count
------------------------  -------
all                             1
build_quant_sample_table        1
build_samples_table             1
fastp                           6
gffcompare                      6
hisat2_align                    6
hisat2_index                    1
multiqc                         1
pca_html                        1
prepDE                          1
samtools_stats                  6
stringtie_final_quant           6
stringtie_merge                 1
stringtie_quant                 6
total                          44

Select jobs to execute...

[Tue Jun 24 11:14:18 2025]
rule fastp:
    input: testdata/raw/chem3_chrI_1.fastq, testdata/raw/chem3_chrI_2.fastq
    output: results/fastp/chem3_R1.clean.fastq.gz, results/fastp/chem3_R2.clean.fastq.gz, results/summary_qc/chem3_fastp.json, results/summary_qc/chem3_fastp.html
    jobid: 20
    reason: Missing output files: results/summary_qc/chem3_fastp.html, results/summary_qc/chem3_fastp.json; Params have changed since last execution
    wildcards: sample=chem3
    threads: 4
    resources: tmpdir=/tmp

[Tue Jun 24 11:14:23 2025]
Finished job 20.
1 of 44 steps (2%) done
Select jobs to execute...

[Tue Jun 24 11:14:23 2025]
rule hisat2_index:
    input: testdata/genome/genome.fna, results/hisat2/splice_sites.txt
    output: results/hisat2_index
    jobid: 4
    reason: Params have changed since last execution
    threads: 4
    resources: tmpdir=/tmp

[Tue Jun 24 11:14:38 2025]
Finished job 4.
2 of 44 steps (5%) done
Select jobs to execute...

[Tue Jun 24 11:14:38 2025]
rule fastp:
    input: testdata/raw/chem1_chrI_1.fastq, testdata/raw/chem1_chrI_2.fastq
    output: results/fastp/chem1_R1.clean.fastq.gz, results/fastp/chem1_R2.clean.fastq.gz, results/summary_qc/chem1_fastp.json, results/summary_qc/chem1_fastp.html
    jobid: 14
    reason: Missing output files: results/summary_qc/chem1_fastp.json, results/summary_qc/chem1_fastp.html; Params have changed since last execution
    wildcards: sample=chem1
    threads: 4
    resources: tmpdir=/tmp

[Tue Jun 24 11:14:41 2025]
Finished job 14.
3 of 44 steps (7%) done
Select jobs to execute...

[Tue Jun 24 11:14:41 2025]
rule hisat2_align:
    input: results/fastp/chem3_R1.clean.fastq.gz, results/fastp/chem3_R2.clean.fastq.gz, results/hisat2_index, results/hisat2/splice_sites.txt
    output: results/align/chem3.bam, results/align/chem3.bam.bai, results/summary_qc/chem3.hisat2.log
    jobid: 19
    reason: Missing output files: results/summary_qc/chem3.hisat2.log; Input files updated by another job: results/fastp/chem3_R2.clean.fastq.gz, results/fastp/chem3_R1.clean.fastq.gz, results/hisat2_index
    wildcards: sample=chem3
    threads: 4
    resources: tmpdir=/tmp

[Tue Jun 24 11:14:46 2025]
Finished job 19.
4 of 44 steps (9%) done
Select jobs to execute...

[Tue Jun 24 11:14:46 2025]
rule stringtie_quant:
    input: results/align/chem3.bam, testdata/genome/genes.gtf
    output: results/quant/chem3/chem3.gtf
    jobid: 18
    reason: Input files updated by another job: results/align/chem3.bam
    wildcards: sample=chem3
    threads: 4
    resources: tmpdir=/tmp

[Tue Jun 24 11:14:47 2025]
Finished job 18.
5 of 44 steps (11%) done
Select jobs to execute...

[Tue Jun 24 11:14:47 2025]
rule fastp:
    input: testdata/raw/chem2_chrI_1.fastq, testdata/raw/chem2_chrI_2.fastq
    output: results/fastp/chem2_R1.clean.fastq.gz, results/fastp/chem2_R2.clean.fastq.gz, results/summary_qc/chem2_fastp.json, results/summary_qc/chem2_fastp.html
    jobid: 17
    reason: Missing output files: results/summary_qc/chem2_fastp.html, results/summary_qc/chem2_fastp.json; Params have changed since last execution
    wildcards: sample=chem2
    threads: 4
    resources: tmpdir=/tmp

[Tue Jun 24 11:14:51 2025]
Finished job 17.
6 of 44 steps (14%) done
Select jobs to execute...

[Tue Jun 24 11:14:51 2025]
rule hisat2_align:
    input: results/fastp/chem2_R1.clean.fastq.gz, results/fastp/chem2_R2.clean.fastq.gz, results/hisat2_index, results/hisat2/splice_sites.txt
    output: results/align/chem2.bam, results/align/chem2.bam.bai, results/summary_qc/chem2.hisat2.log
    jobid: 16
    reason: Missing output files: results/summary_qc/chem2.hisat2.log; Input files updated by another job: results/fastp/chem2_R2.clean.fastq.gz, results/hisat2_index, results/fastp/chem2_R1.clean.fastq.gz
    wildcards: sample=chem2
    threads: 4
    resources: tmpdir=/tmp

[Tue Jun 24 11:14:55 2025]
Finished job 16.
7 of 44 steps (16%) done
Select jobs to execute...

[Tue Jun 24 11:14:55 2025]
rule fastp:
    input: testdata/raw/batch1_chrI_1.fastq, testdata/raw/batch1_chrI_2.fastq
    output: results/fastp/batch1_R1.clean.fastq.gz, results/fastp/batch1_R2.clean.fastq.gz, results/summary_qc/batch1_fastp.json, results/summary_qc/batch1_fastp.html
    jobid: 3
    reason: Missing output files: results/summary_qc/batch1_fastp.html, results/summary_qc/batch1_fastp.json; Params have changed since last execution
    wildcards: sample=batch1
    threads: 4
    resources: tmpdir=/tmp

[Tue Jun 24 11:14:59 2025]
Finished job 3.
8 of 44 steps (18%) done
Select jobs to execute...

[Tue Jun 24 11:14:59 2025]
rule hisat2_align:
    input: results/fastp/batch1_R1.clean.fastq.gz, results/fastp/batch1_R2.clean.fastq.gz, results/hisat2_index, results/hisat2/splice_sites.txt
    output: results/align/batch1.bam, results/align/batch1.bam.bai, results/summary_qc/batch1.hisat2.log
    jobid: 2
    reason: Missing output files: results/summary_qc/batch1.hisat2.log; Input files updated by another job: results/fastp/batch1_R1.clean.fastq.gz, results/hisat2_index, results/fastp/batch1_R2.clean.fastq.gz
    wildcards: sample=batch1
    threads: 4
    resources: tmpdir=/tmp

[Tue Jun 24 11:15:03 2025]
Finished job 2.
9 of 44 steps (20%) done
Select jobs to execute...

[Tue Jun 24 11:15:03 2025]
rule stringtie_quant:
    input: results/align/chem2.bam, testdata/genome/genes.gtf
    output: results/quant/chem2/chem2.gtf
    jobid: 15
    reason: Input files updated by another job: results/align/chem2.bam
    wildcards: sample=chem2
    threads: 4
    resources: tmpdir=/tmp

[Tue Jun 24 11:15:04 2025]
Finished job 15.
10 of 44 steps (23%) done
Select jobs to execute...

[Tue Jun 24 11:15:04 2025]
rule samtools_stats:
    input: results/align/batch1.bam
    output: results/summary_qc/samtools/batch1.samtools.stats
    jobid: 27
    reason: Missing output files: results/summary_qc/samtools/batch1.samtools.stats; Input files updated by another job: results/align/batch1.bam
    wildcards: sample=batch1
    resources: tmpdir=/tmp


[Tue Jun 24 11:15:04 2025]
rule samtools_stats:
    input: results/align/chem2.bam
    output: results/summary_qc/samtools/chem2.samtools.stats
    jobid: 31
    reason: Missing output files: results/summary_qc/samtools/chem2.samtools.stats; Input files updated by another job: results/align/chem2.bam
    wildcards: sample=chem2
    resources: tmpdir=/tmp


[Tue Jun 24 11:15:04 2025]
rule gffcompare:
    input: results/quant/chem2/chem2.gtf, testdata/genome/genes.gtf
    output: results/summary_qc/gffcompare/chem2.stats, results/summary_qc/gffcompare/chem2.loci, results/summary_qc/gffcompare/chem2.annotated.gtf, results/summary_qc/gffcompare/chem2.tracking
    jobid: 25
    reason: Missing output files: results/summary_qc/gffcompare/chem2.annotated.gtf, results/summary_qc/gffcompare/chem2.stats, results/summary_qc/gffcompare/chem2.tracking, results/summary_qc/gffcompare/chem2.loci; Input files updated by another job: results/quant/chem2/chem2.gtf
    wildcards: sample=chem2
    resources: tmpdir=/tmp


[Tue Jun 24 11:15:04 2025]
rule gffcompare:
    input: results/quant/chem3/chem3.gtf, testdata/genome/genes.gtf
    output: results/summary_qc/gffcompare/chem3.stats, results/summary_qc/gffcompare/chem3.loci, results/summary_qc/gffcompare/chem3.annotated.gtf, results/summary_qc/gffcompare/chem3.tracking
    jobid: 26
    reason: Missing output files: results/summary_qc/gffcompare/chem3.loci, results/summary_qc/gffcompare/chem3.stats, results/summary_qc/gffcompare/chem3.annotated.gtf, results/summary_qc/gffcompare/chem3.tracking; Input files updated by another job: results/quant/chem3/chem3.gtf
    wildcards: sample=chem3
    resources: tmpdir=/tmp

[Tue Jun 24 11:15:05 2025]
Finished job 26.
11 of 44 steps (25%) done
Select jobs to execute...

[Tue Jun 24 11:15:05 2025]
rule samtools_stats:
    input: results/align/chem3.bam
    output: results/summary_qc/samtools/chem3.samtools.stats
    jobid: 32
    reason: Missing output files: results/summary_qc/samtools/chem3.samtools.stats; Input files updated by another job: results/align/chem3.bam
    wildcards: sample=chem3
    resources: tmpdir=/tmp

[Tue Jun 24 11:15:05 2025]
Finished job 25.
12 of 44 steps (27%) done
Select jobs to execute...
[Tue Jun 24 11:15:05 2025]
Finished job 27.
13 of 44 steps (30%) done
[Tue Jun 24 11:15:05 2025]
Finished job 31.
14 of 44 steps (32%) done
[Tue Jun 24 11:15:05 2025]
Finished job 32.
15 of 44 steps (34%) done

[Tue Jun 24 11:15:05 2025]
rule fastp:
    input: testdata/raw/batch3_chrI_1.fastq, testdata/raw/batch3_chrI_2.fastq
    output: results/fastp/batch3_R1.clean.fastq.gz, results/fastp/batch3_R2.clean.fastq.gz, results/summary_qc/batch3_fastp.json, results/summary_qc/batch3_fastp.html
    jobid: 11
    reason: Missing output files: results/summary_qc/batch3_fastp.html, results/summary_qc/batch3_fastp.json; Params have changed since last execution
    wildcards: sample=batch3
    threads: 4
    resources: tmpdir=/tmp

[Tue Jun 24 11:15:09 2025]
Finished job 11.
16 of 44 steps (36%) done
Select jobs to execute...

[Tue Jun 24 11:15:09 2025]
rule stringtie_quant:
    input: results/align/batch1.bam, testdata/genome/genes.gtf
    output: results/quant/batch1/batch1.gtf
    jobid: 1
    reason: Input files updated by another job: results/align/batch1.bam
    wildcards: sample=batch1
    threads: 4
    resources: tmpdir=/tmp

[Tue Jun 24 11:15:09 2025]
Finished job 1.
17 of 44 steps (39%) done
Select jobs to execute...

[Tue Jun 24 11:15:09 2025]
rule hisat2_align:
    input: results/fastp/batch3_R1.clean.fastq.gz, results/fastp/batch3_R2.clean.fastq.gz, results/hisat2_index, results/hisat2/splice_sites.txt
    output: results/align/batch3.bam, results/align/batch3.bam.bai, results/summary_qc/batch3.hisat2.log
    jobid: 10
    reason: Missing output files: results/summary_qc/batch3.hisat2.log; Input files updated by another job: results/fastp/batch3_R2.clean.fastq.gz, results/fastp/batch3_R1.clean.fastq.gz, results/hisat2_index
    wildcards: sample=batch3
    threads: 4
    resources: tmpdir=/tmp

[Tue Jun 24 11:15:13 2025]
Finished job 10.
18 of 44 steps (41%) done
Select jobs to execute...

[Tue Jun 24 11:15:13 2025]
rule hisat2_align:
    input: results/fastp/chem1_R1.clean.fastq.gz, results/fastp/chem1_R2.clean.fastq.gz, results/hisat2_index, results/hisat2/splice_sites.txt
    output: results/align/chem1.bam, results/align/chem1.bam.bai, results/summary_qc/chem1.hisat2.log
    jobid: 13
    reason: Missing output files: results/summary_qc/chem1.hisat2.log; Input files updated by another job: results/fastp/chem1_R2.clean.fastq.gz, results/fastp/chem1_R1.clean.fastq.gz, results/hisat2_index
    wildcards: sample=chem1
    threads: 4
    resources: tmpdir=/tmp

[Tue Jun 24 11:15:15 2025]
Finished job 13.
19 of 44 steps (43%) done
Select jobs to execute...

[Tue Jun 24 11:15:15 2025]
rule stringtie_quant:
    input: results/align/chem1.bam, testdata/genome/genes.gtf
    output: results/quant/chem1/chem1.gtf
    jobid: 12
    reason: Input files updated by another job: results/align/chem1.bam
    wildcards: sample=chem1
    threads: 4
    resources: tmpdir=/tmp

[Tue Jun 24 11:15:16 2025]
Finished job 12.
20 of 44 steps (45%) done
Select jobs to execute...

[Tue Jun 24 11:15:16 2025]
rule fastp:
    input: testdata/raw/batch2_chrI_1.fastq, testdata/raw/batch2_chrI_2.fastq
    output: results/fastp/batch2_R1.clean.fastq.gz, results/fastp/batch2_R2.clean.fastq.gz, results/summary_qc/batch2_fastp.json, results/summary_qc/batch2_fastp.html
    jobid: 8
    reason: Missing output files: results/summary_qc/batch2_fastp.json, results/summary_qc/batch2_fastp.html; Params have changed since last execution
    wildcards: sample=batch2
    threads: 4
    resources: tmpdir=/tmp

[Tue Jun 24 11:15:19 2025]
Finished job 8.
21 of 44 steps (48%) done
Select jobs to execute...

[Tue Jun 24 11:15:19 2025]
rule stringtie_quant:
    input: results/align/batch3.bam, testdata/genome/genes.gtf
    output: results/quant/batch3/batch3.gtf
    jobid: 9
    reason: Input files updated by another job: results/align/batch3.bam
    wildcards: sample=batch3
    threads: 4
    resources: tmpdir=/tmp

[Tue Jun 24 11:15:20 2025]
Finished job 9.
22 of 44 steps (50%) done
Select jobs to execute...

[Tue Jun 24 11:15:20 2025]
rule gffcompare:
    input: results/quant/batch1/batch1.gtf, testdata/genome/genes.gtf
    output: results/summary_qc/gffcompare/batch1.stats, results/summary_qc/gffcompare/batch1.loci, results/summary_qc/gffcompare/batch1.annotated.gtf, results/summary_qc/gffcompare/batch1.tracking
    jobid: 21
    reason: Missing output files: results/summary_qc/gffcompare/batch1.annotated.gtf, results/summary_qc/gffcompare/batch1.stats, results/summary_qc/gffcompare/batch1.tracking, results/summary_qc/gffcompare/batch1.loci; Input files updated by another job: results/quant/batch1/batch1.gtf
    wildcards: sample=batch1
    resources: tmpdir=/tmp


[Tue Jun 24 11:15:20 2025]
rule samtools_stats:
    input: results/align/batch3.bam
    output: results/summary_qc/samtools/batch3.samtools.stats
    jobid: 29
    reason: Missing output files: results/summary_qc/samtools/batch3.samtools.stats; Input files updated by another job: results/align/batch3.bam
    wildcards: sample=batch3
    resources: tmpdir=/tmp


[Tue Jun 24 11:15:20 2025]
rule gffcompare:
    input: results/quant/batch3/batch3.gtf, testdata/genome/genes.gtf
    output: results/summary_qc/gffcompare/batch3.stats, results/summary_qc/gffcompare/batch3.loci, results/summary_qc/gffcompare/batch3.annotated.gtf, results/summary_qc/gffcompare/batch3.tracking
    jobid: 23
    reason: Missing output files: results/summary_qc/gffcompare/batch3.tracking, results/summary_qc/gffcompare/batch3.annotated.gtf, results/summary_qc/gffcompare/batch3.stats, results/summary_qc/gffcompare/batch3.loci; Input files updated by another job: results/quant/batch3/batch3.gtf
    wildcards: sample=batch3
    resources: tmpdir=/tmp


[Tue Jun 24 11:15:20 2025]
rule gffcompare:
    input: results/quant/chem1/chem1.gtf, testdata/genome/genes.gtf
    output: results/summary_qc/gffcompare/chem1.stats, results/summary_qc/gffcompare/chem1.loci, results/summary_qc/gffcompare/chem1.annotated.gtf, results/summary_qc/gffcompare/chem1.tracking
    jobid: 24
    reason: Missing output files: results/summary_qc/gffcompare/chem1.stats, results/summary_qc/gffcompare/chem1.annotated.gtf, results/summary_qc/gffcompare/chem1.loci, results/summary_qc/gffcompare/chem1.tracking; Input files updated by another job: results/quant/chem1/chem1.gtf
    wildcards: sample=chem1
    resources: tmpdir=/tmp

[Tue Jun 24 11:15:20 2025]
Finished job 21.
23 of 44 steps (52%) done
Select jobs to execute...

[Tue Jun 24 11:15:20 2025]
rule samtools_stats:
    input: results/align/chem1.bam
    output: results/summary_qc/samtools/chem1.samtools.stats
    jobid: 30
    reason: Missing output files: results/summary_qc/samtools/chem1.samtools.stats; Input files updated by another job: results/align/chem1.bam
    wildcards: sample=chem1
    resources: tmpdir=/tmp

[Tue Jun 24 11:15:20 2025]
Finished job 23.
24 of 44 steps (55%) done
[Tue Jun 24 11:15:20 2025]
Finished job 24.
25 of 44 steps (57%) done
Select jobs to execute...
[Tue Jun 24 11:15:21 2025]
Finished job 29.
26 of 44 steps (59%) done
[Tue Jun 24 11:15:21 2025]
Finished job 30.
27 of 44 steps (61%) done

[Tue Jun 24 11:15:21 2025]
rule hisat2_align:
    input: results/fastp/batch2_R1.clean.fastq.gz, results/fastp/batch2_R2.clean.fastq.gz, results/hisat2_index, results/hisat2/splice_sites.txt
    output: results/align/batch2.bam, results/align/batch2.bam.bai, results/summary_qc/batch2.hisat2.log
    jobid: 7
    reason: Missing output files: results/summary_qc/batch2.hisat2.log; Input files updated by another job: results/hisat2_index, results/fastp/batch2_R1.clean.fastq.gz, results/fastp/batch2_R2.clean.fastq.gz
    wildcards: sample=batch2
    threads: 4
    resources: tmpdir=/tmp

[Tue Jun 24 11:15:25 2025]
Finished job 7.
28 of 44 steps (64%) done
Select jobs to execute...

[Tue Jun 24 11:15:25 2025]
rule stringtie_quant:
    input: results/align/batch2.bam, testdata/genome/genes.gtf
    output: results/quant/batch2/batch2.gtf
    jobid: 6
    reason: Input files updated by another job: results/align/batch2.bam
    wildcards: sample=batch2
    threads: 4
    resources: tmpdir=/tmp

[Tue Jun 24 11:15:26 2025]
Finished job 6.
29 of 44 steps (66%) done
Select jobs to execute...

[Tue Jun 24 11:15:26 2025]
rule samtools_stats:
    input: results/align/batch2.bam
    output: results/summary_qc/samtools/batch2.samtools.stats
    jobid: 28
    reason: Missing output files: results/summary_qc/samtools/batch2.samtools.stats; Input files updated by another job: results/align/batch2.bam
    wildcards: sample=batch2
    resources: tmpdir=/tmp


[Tue Jun 24 11:15:26 2025]
rule gffcompare:
    input: results/quant/batch2/batch2.gtf, testdata/genome/genes.gtf
    output: results/summary_qc/gffcompare/batch2.stats, results/summary_qc/gffcompare/batch2.loci, results/summary_qc/gffcompare/batch2.annotated.gtf, results/summary_qc/gffcompare/batch2.tracking
    jobid: 22
    reason: Missing output files: results/summary_qc/gffcompare/batch2.loci, results/summary_qc/gffcompare/batch2.annotated.gtf, results/summary_qc/gffcompare/batch2.tracking, results/summary_qc/gffcompare/batch2.stats; Input files updated by another job: results/quant/batch2/batch2.gtf
    wildcards: sample=batch2
    resources: tmpdir=/tmp


[Tue Jun 24 11:15:26 2025]
rule build_samples_table:
    input: results/quant/batch1/batch1.gtf, results/quant/batch2/batch2.gtf, results/quant/batch3/batch3.gtf, results/quant/chem1/chem1.gtf, results/quant/chem2/chem2.gtf, results/quant/chem3/chem3.gtf
    output: results/quant/samples_table.txt
    jobid: 33
    reason: Input files updated by another job: results/quant/batch2/batch2.gtf, results/quant/chem2/chem2.gtf, results/quant/batch3/batch3.gtf, results/quant/batch1/batch1.gtf, results/quant/chem1/chem1.gtf, results/quant/chem3/chem3.gtf
    resources: tmpdir=/tmp

[Tue Jun 24 11:15:26 2025]
Finished job 22.
30 of 44 steps (68%) done
[Tue Jun 24 11:15:27 2025]
Finished job 28.
31 of 44 steps (70%) done
[Tue Jun 24 11:15:28 2025]
Finished job 33.
32 of 44 steps (73%) done
Select jobs to execute...

[Tue Jun 24 11:15:28 2025]
rule stringtie_merge:
    input: results/quant/samples_table.txt, testdata/genome/genes.gtf
    output: results/quant/stringtie_merged.gtf
    jobid: 34
    reason: Input files updated by another job: results/quant/samples_table.txt
    threads: 4
    resources: tmpdir=/tmp

[Tue Jun 24 11:15:28 2025]
Finished job 34.
33 of 44 steps (75%) done
Select jobs to execute...

[Tue Jun 24 11:15:28 2025]
rule stringtie_final_quant:
    input: results/align/chem2.bam, results/quant/stringtie_merged.gtf
    output: results/quant_final/chem2/chem2.gtf
    jobid: 40
    reason: Input files updated by another job: results/quant/stringtie_merged.gtf, results/align/chem2.bam
    wildcards: sample=chem2
    threads: 4
    resources: tmpdir=/tmp

[Tue Jun 24 11:15:29 2025]
Finished job 40.
34 of 44 steps (77%) done
Select jobs to execute...

[Tue Jun 24 11:15:29 2025]
rule stringtie_final_quant:
    input: results/align/batch3.bam, results/quant/stringtie_merged.gtf
    output: results/quant_final/batch3/batch3.gtf
    jobid: 38
    reason: Input files updated by another job: results/quant/stringtie_merged.gtf, results/align/batch3.bam
    wildcards: sample=batch3
    threads: 4
    resources: tmpdir=/tmp

[Tue Jun 24 11:15:30 2025]
Finished job 38.
35 of 44 steps (80%) done
Select jobs to execute...

[Tue Jun 24 11:15:30 2025]
rule stringtie_final_quant:
    input: results/align/chem1.bam, results/quant/stringtie_merged.gtf
    output: results/quant_final/chem1/chem1.gtf
    jobid: 39
    reason: Input files updated by another job: results/quant/stringtie_merged.gtf, results/align/chem1.bam
    wildcards: sample=chem1
    threads: 4
    resources: tmpdir=/tmp

[Tue Jun 24 11:15:30 2025]
Finished job 39.
36 of 44 steps (82%) done
Select jobs to execute...

[Tue Jun 24 11:15:30 2025]
rule stringtie_final_quant:
    input: results/align/batch2.bam, results/quant/stringtie_merged.gtf
    output: results/quant_final/batch2/batch2.gtf
    jobid: 37
    reason: Input files updated by another job: results/quant/stringtie_merged.gtf, results/align/batch2.bam
    wildcards: sample=batch2
    threads: 4
    resources: tmpdir=/tmp

[Tue Jun 24 11:15:31 2025]
Finished job 37.
37 of 44 steps (84%) done
Select jobs to execute...

[Tue Jun 24 11:15:31 2025]
rule stringtie_final_quant:
    input: results/align/chem3.bam, results/quant/stringtie_merged.gtf
    output: results/quant_final/chem3/chem3.gtf
    jobid: 41
    reason: Input files updated by another job: results/quant/stringtie_merged.gtf, results/align/chem3.bam
    wildcards: sample=chem3
    threads: 4
    resources: tmpdir=/tmp

[Tue Jun 24 11:15:31 2025]
Finished job 41.
38 of 44 steps (86%) done
Select jobs to execute...

[Tue Jun 24 11:15:31 2025]
rule stringtie_final_quant:
    input: results/align/batch1.bam, results/quant/stringtie_merged.gtf
    output: results/quant_final/batch1/batch1.gtf
    jobid: 36
    reason: Input files updated by another job: results/quant/stringtie_merged.gtf, results/align/batch1.bam
    wildcards: sample=batch1
    threads: 4
    resources: tmpdir=/tmp

[Tue Jun 24 11:15:32 2025]
Finished job 36.
39 of 44 steps (89%) done
Select jobs to execute...

[Tue Jun 24 11:15:32 2025]
rule build_quant_sample_table:
    input: results/quant_final/batch1/batch1.gtf, results/quant_final/batch2/batch2.gtf, results/quant_final/batch3/batch3.gtf, results/quant_final/chem1/chem1.gtf, results/quant_final/chem2/chem2.gtf, results/quant_final/chem3/chem3.gtf
    output: results/quant/samples_quant_table.txt
    jobid: 35
    reason: Input files updated by another job: results/quant_final/chem2/chem2.gtf, results/quant_final/chem1/chem1.gtf, results/quant_final/batch1/batch1.gtf, results/quant_final/batch3/batch3.gtf, results/quant_final/batch2/batch2.gtf, results/quant_final/chem3/chem3.gtf
    resources: tmpdir=/tmp

[Tue Jun 24 11:15:34 2025]
Finished job 35.
40 of 44 steps (91%) done
Select jobs to execute...

[Tue Jun 24 11:15:34 2025]
rule prepDE:
    input: results/quant/samples_quant_table.txt
    output: results/quant/gene_count_matrix.csv, results/quant/transcript_count_matrix.csv
    jobid: 42
    reason: Input files updated by another job: results/quant/samples_quant_table.txt
    resources: tmpdir=/tmp

[Tue Jun 24 11:15:35 2025]
Finished job 42.
41 of 44 steps (93%) done
Select jobs to execute...

[Tue Jun 24 11:15:35 2025]
rule pca_html:
    input: results/quant/gene_count_matrix.csv, data/metadata.tsv, scripts/pca_plot.Rmd
    output: results/summary_qc/pca_plot_mqc.html
    jobid: 43
    reason: Missing output files: results/summary_qc/pca_plot_mqc.html; Input files updated by another job: results/quant/gene_count_matrix.csv
    resources: tmpdir=/tmp

[Tue Jun 24 11:16:02 2025]
Finished job 43.
42 of 44 steps (95%) done
Select jobs to execute...

[Tue Jun 24 11:16:02 2025]
rule multiqc:
    input: results/summary_qc/batch1_fastp.json, results/summary_qc/batch2_fastp.json, results/summary_qc/batch3_fastp.json, results/summary_qc/chem1_fastp.json, results/summary_qc/chem2_fastp.json, results/summary_qc/chem3_fastp.json, results/summary_qc/batch1_fastp.html, results/summary_qc/batch2_fastp.html, results/summary_qc/batch3_fastp.html, results/summary_qc/chem1_fastp.html, results/summary_qc/chem2_fastp.html, results/summary_qc/chem3_fastp.html, results/summary_qc/batch1.hisat2.log, results/summary_qc/batch2.hisat2.log, results/summary_qc/batch3.hisat2.log, results/summary_qc/chem1.hisat2.log, results/summary_qc/chem2.hisat2.log, results/summary_qc/chem3.hisat2.log, results/summary_qc/samtools/batch1.samtools.stats, results/summary_qc/samtools/batch2.samtools.stats, results/summary_qc/samtools/batch3.samtools.stats, results/summary_qc/samtools/chem1.samtools.stats, results/summary_qc/samtools/chem2.samtools.stats, results/summary_qc/samtools/chem3.samtools.stats, results/summary_qc/gffcompare/batch1.stats, results/summary_qc/gffcompare/batch2.stats, results/summary_qc/gffcompare/batch3.stats, results/summary_qc/gffcompare/chem1.stats, results/summary_qc/gffcompare/chem2.stats, results/summary_qc/gffcompare/chem3.stats, results/summary_qc/gffcompare/batch1.tracking, results/summary_qc/gffcompare/batch2.tracking, results/summary_qc/gffcompare/batch3.tracking, results/summary_qc/gffcompare/chem1.tracking, results/summary_qc/gffcompare/chem2.tracking, results/summary_qc/gffcompare/chem3.tracking, results/summary_qc/gffcompare/batch1.loci, results/summary_qc/gffcompare/batch2.loci, results/summary_qc/gffcompare/batch3.loci, results/summary_qc/gffcompare/chem1.loci, results/summary_qc/gffcompare/chem2.loci, results/summary_qc/gffcompare/chem3.loci, results/summary_qc/pca_plot_mqc.html
    output: results/summary_qc/multiqc_report.html
    jobid: 45
    reason: Missing output files: results/summary_qc/multiqc_report.html; Input files updated by another job: results/summary_qc/batch3_fastp.html, results/summary_qc/gffcompare/chem2.stats, results/summary_qc/samtools/batch2.samtools.stats, results/summary_qc/gffcompare/chem1.loci, results/summary_qc/chem2_fastp.html, results/summary_qc/chem2_fastp.json, results/summary_qc/gffcompare/chem3.loci, results/summary_qc/gffcompare/batch3.loci, results/summary_qc/gffcompare/chem2.tracking, results/summary_qc/samtools/batch3.samtools.stats, results/summary_qc/batch2_fastp.html, results/summary_qc/batch2.hisat2.log, results/summary_qc/gffcompare/batch2.loci, results/summary_qc/batch2_fastp.json, results/summary_qc/gffcompare/chem1.stats, results/summary_qc/batch3_fastp.json, results/summary_qc/gffcompare/batch3.stats, results/summary_qc/samtools/chem1.samtools.stats, results/summary_qc/gffcompare/chem3.stats, results/summary_qc/chem1.hisat2.log, results/summary_qc/gffcompare/batch1.loci, results/summary_qc/gffcompare/batch2.tracking, results/summary_qc/gffcompare/batch2.stats, results/summary_qc/gffcompare/chem1.tracking, results/summary_qc/samtools/batch1.samtools.stats, results/summary_qc/batch3.hisat2.log, results/summary_qc/chem3_fastp.json, results/summary_qc/chem3.hisat2.log, results/summary_qc/gffcompare/chem3.tracking, results/summary_qc/chem2.hisat2.log, results/summary_qc/gffcompare/batch3.tracking, results/summary_qc/gffcompare/chem2.loci, results/summary_qc/samtools/chem2.samtools.stats, results/summary_qc/chem1_fastp.json, results/summary_qc/gffcompare/batch1.stats, results/summary_qc/chem1_fastp.html, results/summary_qc/chem3_fastp.html, results/summary_qc/batch1_fastp.json, results/summary_qc/gffcompare/batch1.tracking, results/summary_qc/batch1.hisat2.log, results/summary_qc/batch1_fastp.html, results/summary_qc/samtools/chem3.samtools.stats, results/summary_qc/pca_plot_mqc.html
    threads: 4
    resources: tmpdir=/tmp

[Tue Jun 24 11:16:12 2025]
Finished job 45.
43 of 44 steps (98%) done
Select jobs to execute...

[Tue Jun 24 11:16:12 2025]
localrule all:
    input: results/quant/batch1/batch1.gtf, results/quant/batch2/batch2.gtf, results/quant/batch3/batch3.gtf, results/quant/chem1/chem1.gtf, results/quant/chem2/chem2.gtf, results/quant/chem3/chem3.gtf, results/summary_qc/gffcompare/batch1.annotated.gtf, results/summary_qc/gffcompare/batch2.annotated.gtf, results/summary_qc/gffcompare/batch3.annotated.gtf, results/summary_qc/gffcompare/chem1.annotated.gtf, results/summary_qc/gffcompare/chem2.annotated.gtf, results/summary_qc/gffcompare/chem3.annotated.gtf, results/summary_qc/gffcompare/batch1.stats, results/summary_qc/gffcompare/batch2.stats, results/summary_qc/gffcompare/batch3.stats, results/summary_qc/gffcompare/chem1.stats, results/summary_qc/gffcompare/chem2.stats, results/summary_qc/gffcompare/chem3.stats, results/summary_qc/gffcompare/batch1.loci, results/summary_qc/gffcompare/batch2.loci, results/summary_qc/gffcompare/batch3.loci, results/summary_qc/gffcompare/chem1.loci, results/summary_qc/gffcompare/chem2.loci, results/summary_qc/gffcompare/chem3.loci, results/summary_qc/gffcompare/batch1.tracking, results/summary_qc/gffcompare/batch2.tracking, results/summary_qc/gffcompare/batch3.tracking, results/summary_qc/gffcompare/chem1.tracking, results/summary_qc/gffcompare/chem2.tracking, results/summary_qc/gffcompare/chem3.tracking, results/summary_qc/batch1_fastp.html, results/summary_qc/batch2_fastp.html, results/summary_qc/batch3_fastp.html, results/summary_qc/chem1_fastp.html, results/summary_qc/chem2_fastp.html, results/summary_qc/chem3_fastp.html, results/summary_qc/batch1_fastp.json, results/summary_qc/batch2_fastp.json, results/summary_qc/batch3_fastp.json, results/summary_qc/chem1_fastp.json, results/summary_qc/chem2_fastp.json, results/summary_qc/chem3_fastp.json, results/summary_qc/batch1.hisat2.log, results/summary_qc/batch2.hisat2.log, results/summary_qc/batch3.hisat2.log, results/summary_qc/chem1.hisat2.log, results/summary_qc/chem2.hisat2.log, results/summary_qc/chem3.hisat2.log, results/summary_qc/samtools/batch1.samtools.stats, results/summary_qc/samtools/batch2.samtools.stats, results/summary_qc/samtools/batch3.samtools.stats, results/summary_qc/samtools/chem1.samtools.stats, results/summary_qc/samtools/chem2.samtools.stats, results/summary_qc/samtools/chem3.samtools.stats, results/quant/samples_table.txt, results/quant/stringtie_merged.gtf, results/quant/samples_quant_table.txt, results/quant/gene_count_matrix.csv, results/quant/transcript_count_matrix.csv, results/summary_qc/pca_plot_mqc.html, results/summary_qc/multiqc_report.html
    jobid: 0
    reason: Input files updated by another job: results/summary_qc/batch3_fastp.html, results/summary_qc/gffcompare/batch1.annotated.gtf, results/summary_qc/gffcompare/chem2.stats, results/quant/batch1/batch1.gtf, results/summary_qc/samtools/batch2.samtools.stats, results/summary_qc/gffcompare/chem1.loci, results/summary_qc/chem2_fastp.html, results/summary_qc/chem2_fastp.json, results/summary_qc/gffcompare/chem3.loci, results/summary_qc/gffcompare/batch3.loci, results/summary_qc/gffcompare/chem2.tracking, results/summary_qc/samtools/batch3.samtools.stats, results/summary_qc/batch2_fastp.html, results/summary_qc/multiqc_report.html, results/summary_qc/batch2.hisat2.log, results/summary_qc/gffcompare/batch2.loci, results/quant/transcript_count_matrix.csv, results/summary_qc/batch2_fastp.json, results/summary_qc/gffcompare/chem1.stats, results/summary_qc/batch3_fastp.json, results/summary_qc/gffcompare/batch3.stats, results/summary_qc/samtools/chem1.samtools.stats, results/summary_qc/gffcompare/chem3.stats, results/summary_qc/gffcompare/chem3.annotated.gtf, results/summary_qc/chem1.hisat2.log, results/summary_qc/gffcompare/batch1.loci, results/quant/gene_count_matrix.csv, results/summary_qc/gffcompare/batch2.tracking, results/summary_qc/gffcompare/batch2.stats, results/summary_qc/gffcompare/chem1.tracking, results/summary_qc/gffcompare/chem1.annotated.gtf, results/quant/samples_quant_table.txt, results/summary_qc/samtools/batch1.samtools.stats, results/summary_qc/batch3.hisat2.log, results/summary_qc/chem3_fastp.json, results/summary_qc/chem3.hisat2.log, results/summary_qc/gffcompare/chem2.annotated.gtf, results/summary_qc/gffcompare/chem3.tracking, results/summary_qc/chem2.hisat2.log, results/quant/batch2/batch2.gtf, results/summary_qc/gffcompare/batch3.tracking, results/quant/chem1/chem1.gtf, results/summary_qc/gffcompare/chem2.loci, results/summary_qc/samtools/chem2.samtools.stats, results/summary_qc/chem1_fastp.json, results/summary_qc/gffcompare/batch1.stats, results/quant/samples_table.txt, results/quant/stringtie_merged.gtf, results/summary_qc/chem1_fastp.html, results/summary_qc/chem3_fastp.html, results/summary_qc/gffcompare/batch2.annotated.gtf, results/summary_qc/batch1_fastp.json, results/summary_qc/gffcompare/batch1.tracking, results/summary_qc/gffcompare/batch3.annotated.gtf, results/quant/batch3/batch3.gtf, results/quant/chem2/chem2.gtf, results/summary_qc/batch1.hisat2.log, results/summary_qc/batch1_fastp.html, results/quant/chem3/chem3.gtf, results/summary_qc/samtools/chem3.samtools.stats, results/summary_qc/pca_plot_mqc.html
    resources: tmpdir=/tmp

[Tue Jun 24 11:16:12 2025]
Finished job 0.
44 of 44 steps (100%) done
Complete log: .snakemake/log/2025-06-24T111417.082568.snakemake.log
