Building DAG of jobs...
Using shell: /usr/bin/bash
Provided cores: 4
Rules claiming more threads will be scaled down.
Conda environments: ignored
Job stats:
job        count
-------  -------
all            1
multiqc        1
total          2

Select jobs to execute...

[Tue Jun 24 12:09:36 2025]
rule multiqc:
    input: results/summary_qc/batch1_fastp.json, results/summary_qc/batch2_fastp.json, results/summary_qc/batch3_fastp.json, results/summary_qc/chem1_fastp.json, results/summary_qc/chem2_fastp.json, results/summary_qc/chem3_fastp.json, results/summary_qc/batch1_fastp.html, results/summary_qc/batch2_fastp.html, results/summary_qc/batch3_fastp.html, results/summary_qc/chem1_fastp.html, results/summary_qc/chem2_fastp.html, results/summary_qc/chem3_fastp.html, results/summary_qc/batch1.hisat2.log, results/summary_qc/batch2.hisat2.log, results/summary_qc/batch3.hisat2.log, results/summary_qc/chem1.hisat2.log, results/summary_qc/chem2.hisat2.log, results/summary_qc/chem3.hisat2.log, results/summary_qc/samtools/batch1.samtools.stats, results/summary_qc/samtools/batch2.samtools.stats, results/summary_qc/samtools/batch3.samtools.stats, results/summary_qc/samtools/chem1.samtools.stats, results/summary_qc/samtools/chem2.samtools.stats, results/summary_qc/samtools/chem3.samtools.stats, results/summary_qc/gffcompare/batch1.stats, results/summary_qc/gffcompare/batch2.stats, results/summary_qc/gffcompare/batch3.stats, results/summary_qc/gffcompare/chem1.stats, results/summary_qc/gffcompare/chem2.stats, results/summary_qc/gffcompare/chem3.stats, results/summary_qc/gffcompare/batch1.tracking, results/summary_qc/gffcompare/batch2.tracking, results/summary_qc/gffcompare/batch3.tracking, results/summary_qc/gffcompare/chem1.tracking, results/summary_qc/gffcompare/chem2.tracking, results/summary_qc/gffcompare/chem3.tracking, results/summary_qc/gffcompare/batch1.loci, results/summary_qc/gffcompare/batch2.loci, results/summary_qc/gffcompare/batch3.loci, results/summary_qc/gffcompare/chem1.loci, results/summary_qc/gffcompare/chem2.loci, results/summary_qc/gffcompare/chem3.loci, results/summary_qc/pca_plot_mqc.html
    output: results/summary_qc/multiqc_report.html
    jobid: 45
    reason: Missing output files: results/summary_qc/multiqc_report.html
    threads: 4
    resources: tmpdir=/tmp

[Tue Jun 24 12:09:47 2025]
Finished job 45.
1 of 2 steps (50%) done
Select jobs to execute...

[Tue Jun 24 12:09:47 2025]
localrule all:
    input: results/quant/batch1/batch1.gtf, results/quant/batch2/batch2.gtf, results/quant/batch3/batch3.gtf, results/quant/chem1/chem1.gtf, results/quant/chem2/chem2.gtf, results/quant/chem3/chem3.gtf, results/summary_qc/gffcompare/batch1.annotated.gtf, results/summary_qc/gffcompare/batch2.annotated.gtf, results/summary_qc/gffcompare/batch3.annotated.gtf, results/summary_qc/gffcompare/chem1.annotated.gtf, results/summary_qc/gffcompare/chem2.annotated.gtf, results/summary_qc/gffcompare/chem3.annotated.gtf, results/summary_qc/gffcompare/batch1.stats, results/summary_qc/gffcompare/batch2.stats, results/summary_qc/gffcompare/batch3.stats, results/summary_qc/gffcompare/chem1.stats, results/summary_qc/gffcompare/chem2.stats, results/summary_qc/gffcompare/chem3.stats, results/summary_qc/gffcompare/batch1.loci, results/summary_qc/gffcompare/batch2.loci, results/summary_qc/gffcompare/batch3.loci, results/summary_qc/gffcompare/chem1.loci, results/summary_qc/gffcompare/chem2.loci, results/summary_qc/gffcompare/chem3.loci, results/summary_qc/gffcompare/batch1.tracking, results/summary_qc/gffcompare/batch2.tracking, results/summary_qc/gffcompare/batch3.tracking, results/summary_qc/gffcompare/chem1.tracking, results/summary_qc/gffcompare/chem2.tracking, results/summary_qc/gffcompare/chem3.tracking, results/summary_qc/batch1_fastp.html, results/summary_qc/batch2_fastp.html, results/summary_qc/batch3_fastp.html, results/summary_qc/chem1_fastp.html, results/summary_qc/chem2_fastp.html, results/summary_qc/chem3_fastp.html, results/summary_qc/batch1_fastp.json, results/summary_qc/batch2_fastp.json, results/summary_qc/batch3_fastp.json, results/summary_qc/chem1_fastp.json, results/summary_qc/chem2_fastp.json, results/summary_qc/chem3_fastp.json, results/summary_qc/batch1.hisat2.log, results/summary_qc/batch2.hisat2.log, results/summary_qc/batch3.hisat2.log, results/summary_qc/chem1.hisat2.log, results/summary_qc/chem2.hisat2.log, results/summary_qc/chem3.hisat2.log, results/summary_qc/samtools/batch1.samtools.stats, results/summary_qc/samtools/batch2.samtools.stats, results/summary_qc/samtools/batch3.samtools.stats, results/summary_qc/samtools/chem1.samtools.stats, results/summary_qc/samtools/chem2.samtools.stats, results/summary_qc/samtools/chem3.samtools.stats, results/quant/samples_table.txt, results/quant/stringtie_merged.gtf, results/quant/samples_quant_table.txt, results/quant/gene_count_matrix.csv, results/quant/transcript_count_matrix.csv, results/summary_qc/pca_plot_mqc.html, results/summary_qc/multiqc_report.html
    jobid: 0
    reason: Input files updated by another job: results/summary_qc/multiqc_report.html
    resources: tmpdir=/tmp

[Tue Jun 24 12:09:47 2025]
Finished job 0.
2 of 2 steps (100%) done
Complete log: .snakemake/log/2025-06-24T120933.837488.snakemake.log
